Last login: Tue Feb  7 15:20:37 on ttys000
iMac:~ NatarajanShankar$ !ssh
ssh root@169.53.128.117
root@169.53.128.117's password: 
Last failed login: Tue Feb  7 17:57:03 CST 2017 from 218.87.109.151 on ssh:notty
There were 8526 failed login attempts since the last successful login.
Last login: Tue Feb  7 11:07:48 2017 from c-73-223-185-251.hsd1.ca.comcast.net

[root@master ~]# 
[root@master ~]# 
[root@master ~]# 
[root@master ~]# su - hadoop
Last login: Tue Feb  7 11:15:04 CST 2017 on pts/0
[hadoop@master ~]$ hadoop jar $(ls hadoop-mapreduce-examples-2*.jar) teravalidate /terasort/out /terasort/val
ls: cannot access hadoop-mapreduce-examples-2*.jar: No such file or directory
Not a valid JAR: /home/hadoop/teravalidate
[hadoop@master ~]$ cd /terasort
-bash: cd: /terasort: No such file or directory
[hadoop@master ~]$ su - hadoop
Password: 

su: Authentication failure
[hadoop@master ~]$ 
[hadoop@master ~]$ exit
logout
[root@master ~]# sudo su - hadoop
Last login: Tue Feb  7 17:57:14 CST 2017 on pts/0
Last failed login: Tue Feb  7 18:32:57 CST 2017 on pts/0
There was 1 failed login attempt since the last successful login.
[hadoop@master ~]$ echo $HADOOP_HOME
/usr/local/hadoop
[hadoop@master ~]$ vi $HADOOP_HOME/etc/hadoop/mapred-site.xml
[hadoop@master ~]$ vi $HADOOP_HOME/etc/hadoop/slaves
[hadoop@master ~]$ for i in $(cat $HADOOP_HOME/etc/hadoop/slaves); do rsync -avz $HADOOP_HOME/etc/hadoop/ $i:$HADOOP_HOME/etc/hadoop/; done
sending incremental file list

sent 775 bytes  received 12 bytes  524.67 bytes/sec
total size is 73613  speedup is 93.54
sending incremental file list
./
hadoop-env.sh
mapred-site.xml
slaves

sent 1053 bytes  received 90 bytes  2286.00 bytes/sec
total size is 73613  speedup is 64.40
sending incremental file list
./
hadoop-env.sh
mapred-site.xml
slaves

sent 1053 bytes  received 90 bytes  762.00 bytes/sec
total size is 73613  speedup is 64.40
[hadoop@master ~]$ stop-dfs.sh && stop-yarn.sh && start-dfs.sh && start-yarn.sh
17/02/07 18:37:23 WARN util.NativeCodeLoader: Unable to load native-hadoop library for your platform... using builtin-java classes where applicable
Stopping namenodes on [master]
master: stopping namenode
slave2: stopping datanode
slave1: stopping datanode
master: stopping datanode
Stopping secondary namenodes [0.0.0.0]
0.0.0.0: stopping secondarynamenode
17/02/07 18:37:42 WARN util.NativeCodeLoader: Unable to load native-hadoop library for your platform... using builtin-java classes where applicable
stopping yarn daemons
stopping resourcemanager
slave2: stopping nodemanager
master: stopping nodemanager
slave1: stopping nodemanager
no proxyserver to stop
17/02/07 18:37:54 WARN util.NativeCodeLoader: Unable to load native-hadoop library for your platform... using builtin-java classes where applicable
Starting namenodes on [master]
master: starting namenode, logging to /usr/local/hadoop/logs/hadoop-hadoop-namenode-master.shankar.net.out
master: starting datanode, logging to /usr/local/hadoop/logs/hadoop-hadoop-datanode-master.shankar.net.out
slave1: starting datanode, logging to /usr/local/hadoop/logs/hadoop-hadoop-datanode-slave1.shankar.net.out
slave2: starting datanode, logging to /usr/local/hadoop/logs/hadoop-hadoop-datanode-slave2.shankar.net.out
Starting secondary namenodes [0.0.0.0]
0.0.0.0: starting secondarynamenode, logging to /usr/local/hadoop/logs/hadoop-hadoop-secondarynamenode-master.shankar.net.out
17/02/07 18:38:11 WARN util.NativeCodeLoader: Unable to load native-hadoop library for your platform... using builtin-java classes where applicable
starting yarn daemons
starting resourcemanager, logging to /usr/local/hadoop/logs/yarn-hadoop-resourcemanager-master.shankar.net.out
slave2: starting nodemanager, logging to /usr/local/hadoop/logs/yarn-hadoop-nodemanager-slave2.shankar.net.out
slave1: starting nodemanager, logging to /usr/local/hadoop/logs/yarn-hadoop-nodemanager-slave1.shankar.net.out
master: starting nodemanager, logging to /usr/local/hadoop/logs/yarn-hadoop-nodemanager-master.shankar.net.out
[hadoop@master ~]$ cd /home/hadoop
[hadoop@master ~]$ vi urls.txt
[hadoop@master ~]$ chmod +x ./mkinput.sh && $_
chmod: cannot access ‘./mkinput.sh’: No such file or directory
[hadoop@master ~]$ 
[hadoop@master ~]$ 
[hadoop@master ~]$ 
[hadoop@master ~]$ cat <<\EOF > mkinput.sh
> #!/bin/bash
> 
> rm -f urls.txt
> 
> for i in {0..9}; do echo http://storage.googleapis.com/books/ngrams/books/googlebooks-eng-all-2gram-20090715-$i.csv.zip >> urls.txt; done
> EOF
[hadoop@master ~]$ chmod +x ./mkinput.sh && $_
[hadoop@master ~]$ cat <<\EOF > mapper.sh
> #!/bin/bash
> 
> 
> while read line;do
> wget $line -O - | gzip -d 2> /dev/null
> done
> EOF
[hadoop@master ~]$ chmod +x mapper.sh
[hadoop@master ~]$ hadoop fs -rm -r /mumbler /terasort
17/02/07 18:40:32 WARN util.NativeCodeLoader: Unable to load native-hadoop library for your platform... using builtin-java classes where applicable
rm: `/mumbler': No such file or directory
17/02/07 18:40:33 INFO fs.TrashPolicyDefault: Namenode trash configuration: Deletion interval = 0 minutes, Emptier interval = 0 minutes.
Deleted /terasort
[hadoop@master ~]$ 
[hadoop@master ~]$ 
[hadoop@master ~]$ 
[hadoop@master ~]$ 
[hadoop@master ~]$ hadoop fs -mkdir /mumbler
17/02/07 18:41:06 WARN util.NativeCodeLoader: Unable to load native-hadoop library for your platform... using builtin-java classes where applicable
[hadoop@master ~]$ hadoop fs -cp file:///home/hadoop/mapper.sh hdfs:///mumbler
17/02/07 18:41:08 WARN util.NativeCodeLoader: Unable to load native-hadoop library for your platform... using builtin-java classes where applicable
[hadoop@master ~]$ hadoop fs -cp file:///home/hadoop/urls.txt hdfs:///mumbler
17/02/07 18:41:17 WARN util.NativeCodeLoader: Unable to load native-hadoop library for your platform... using builtin-java classes where applicable
[hadoop@master ~]$ 
[hadoop@master ~]$ 
[hadoop@master ~]$ 
[hadoop@master ~]$ 
[hadoop@master ~]$ 
[hadoop@master ~]$ hadoop fs -ls /mumbler
17/02/07 18:41:38 WARN util.NativeCodeLoader: Unable to load native-hadoop library for your platform... using builtin-java classes where applicable
Found 2 items
-rw-r--r--   3 hadoop supergroup         77 2017-02-07 18:41 /mumbler/mapper.sh
-rw-r--r--   3 hadoop supergroup        940 2017-02-07 18:41 /mumbler/urls.txt
[hadoop@master ~]$ 
[hadoop@master ~]$ 
[hadoop@master ~]$ 
[hadoop@master ~]$ 
[hadoop@master ~]$ hadoop jar $(ls $HADOOP_HOME/share/hadoop/tools/lib/hadoop-streaming-*.jar) \
> -Dmapreduce.job.reduces=0 \
> -files hdfs:///mumbler/mapper.sh \
> -input hdfs:///mumbler/urls.txt \
> -output hdfs:///mumbler/pass \
> -mapper mapper.sh \
> -inputformat org.apache.hadoop.mapred.lib.NLineInputFormat
17/02/07 18:41:55 WARN util.NativeCodeLoader: Unable to load native-hadoop library for your platform... using builtin-java classes where applicable
packageJobJar: [/tmp/hadoop-unjar2082472595824056997/] [] /tmp/streamjob4475846884390847291.jar tmpDir=null
17/02/07 18:41:56 INFO client.RMProxy: Connecting to ResourceManager at master/169.53.128.117:8032
17/02/07 18:41:56 INFO client.RMProxy: Connecting to ResourceManager at master/169.53.128.117:8032
17/02/07 18:41:57 INFO mapred.FileInputFormat: Total input paths to process : 1
17/02/07 18:41:57 INFO mapreduce.JobSubmitter: number of splits:10
17/02/07 18:41:57 INFO mapreduce.JobSubmitter: Submitting tokens for job: job_1486514293630_0001
17/02/07 18:41:58 INFO impl.YarnClientImpl: Submitted application application_1486514293630_0001
17/02/07 18:41:58 INFO mapreduce.Job: The url to track the job: http://master:8088/proxy/application_1486514293630_0001/
17/02/07 18:41:58 INFO mapreduce.Job: Running job: job_1486514293630_0001
17/02/07 18:42:05 INFO mapreduce.Job: Job job_1486514293630_0001 running in uber mode : false
17/02/07 18:42:05 INFO mapreduce.Job:  map 0% reduce 0%
17/02/07 18:42:17 INFO mapreduce.Job:  map 10% reduce 0%
17/02/07 18:42:19 INFO mapreduce.Job:  map 40% reduce 0%
17/02/07 18:42:21 INFO mapreduce.Job:  map 50% reduce 0%
17/02/07 18:42:23 INFO mapreduce.Job:  map 80% reduce 0%
17/02/07 18:42:28 INFO mapreduce.Job:  map 100% reduce 0%





17/02/07 18:46:11 INFO mapreduce.Job: Job job_1486514293630_0001 completed successfully
17/02/07 18:46:11 INFO mapreduce.Job: Counters: 30
	File System Counters
		FILE: Number of bytes read=0
		FILE: Number of bytes written=1177100
		FILE: Number of read operations=0
		FILE: Number of large read operations=0
		FILE: Number of write operations=0
		HDFS: Number of bytes read=5999
		HDFS: Number of bytes written=16750833027
		HDFS: Number of read operations=50
		HDFS: Number of large read operations=0
		HDFS: Number of write operations=20
	Job Counters 
		Launched map tasks=10
		Other local map tasks=10
		Total time spent by all maps in occupied slots (ms)=3765536
		Total time spent by all reduces in occupied slots (ms)=0
		Total time spent by all map tasks (ms)=1882768
		Total vcore-seconds taken by all map tasks=1882768
		Total megabyte-seconds taken by all map tasks=3614914560
	Map-Reduce Framework
		Map input records=10
		Map output records=662397211
		Input split bytes=820
		Spilled Records=0
		Failed Shuffles=0
		Merged Map outputs=0
		GC time elapsed (ms)=18198
		CPU time spent (ms)=865200
		Physical memory (bytes) snapshot=1753456640
		Virtual memory (bytes) snapshot=21324967936
		Total committed heap usage (bytes)=1017643008
	File Input Format Counters 
		Bytes Read=5179
	File Output Format Counters 
		Bytes Written=16750833027
17/02/07 18:46:11 INFO streaming.StreamJob: Output directory: hdfs:///mumbler/pass
[hadoop@master ~]$ 
[hadoop@master ~]$ 
[hadoop@master ~]$ 
[hadoop@master ~]$ 
[hadoop@master ~]$ 
[hadoop@master ~]$ hadoop fs -ls /mumbler
17/02/07 18:46:20 WARN util.NativeCodeLoader: Unable to load native-hadoop library for your platform... using builtin-java classes where applicable
Found 3 items
-rw-r--r--   3 hadoop supergroup         77 2017-02-07 18:41 /mumbler/mapper.sh
drwxr-xr-x   - hadoop supergroup          0 2017-02-07 18:46 /mumbler/pass
-rw-r--r--   3 hadoop supergroup        940 2017-02-07 18:41 /mumbler/urls.txt
[hadoop@master ~]$ hadoop fs -cd /mumbler/pass
-cd: Unknown command
[hadoop@master ~]$ hadoop fs -ls /mumbler/pass
17/02/07 18:47:27 WARN util.NativeCodeLoader: Unable to load native-hadoop library for your platform... using builtin-java classes where applicable
Found 11 items
-rw-r--r--   3 hadoop supergroup          0 2017-02-07 18:46 /mumbler/pass/_SUCCESS
-rw-r--r--   3 hadoop supergroup 1674466136 2017-02-07 18:46 /mumbler/pass/part-00000
-rw-r--r--   3 hadoop supergroup 1675601271 2017-02-07 18:44 /mumbler/pass/part-00001
-rw-r--r--   3 hadoop supergroup 1673740475 2017-02-07 18:44 /mumbler/pass/part-00002
-rw-r--r--   3 hadoop supergroup 1675002254 2017-02-07 18:46 /mumbler/pass/part-00003
-rw-r--r--   3 hadoop supergroup 1676353275 2017-02-07 18:44 /mumbler/pass/part-00004
-rw-r--r--   3 hadoop supergroup 1675464100 2017-02-07 18:45 /mumbler/pass/part-00005
-rw-r--r--   3 hadoop supergroup 1673074445 2017-02-07 18:45 /mumbler/pass/part-00006
-rw-r--r--   3 hadoop supergroup 1674090950 2017-02-07 18:44 /mumbler/pass/part-00007
-rw-r--r--   3 hadoop supergroup 1678004370 2017-02-07 18:44 /mumbler/pass/part-00008
-rw-r--r--   3 hadoop supergroup 1675035751 2017-02-07 18:45 /mumbler/pass/part-00009
[hadoop@master ~]$ pwd
/home/hadoop
[hadoop@master ~]$ cat <<\EOF > mapper-filter.py
> #!/usr/bin/python2
> 
> import sys
> 
> lastword = "";
> lastwc = 0;
> 
> for line in sys.stdin:
> 
>         a = line.split( );
>         if len(a) < 4:
>                 continue;
> 
>         word1= a[0]
>         word2= a[1]
>         if not a[0].isalpha() or not a[1].isalpha():
>                 continue;
> 
>         word = a[0] + " " + a[1];
>         try:
>                 n = int(a[3]);
>         except ValueError:
>                 continue;
>         print word, "\t", n
> EOF
[hadoop@master ~]$ chmod ugo+rx mapper-filter.py
[hadoop@master ~]$ hadoop fs -cp file:///home/hadoop/mapper-filter.py hdfs:///mumbler
17/02/07 18:50:33 WARN util.NativeCodeLoader: Unable to load native-hadoop library for your platform... using builtin-java classes where applicable
[hadoop@master ~]$ cat <<\EOF > reducer.py
> #!/usr/bin/python2
> 
> import sys
> 
> lastword = "";
> lastwc = 0;
> for line in sys.stdin:
>         a = line.split( );
>         if len(a) < 2:
>                 continue;
> 
>         word = a[0] + " " + a[1];
>         try:
>                 n = int(a[2]);
>         except ValueError:
>                 continue;
> 
>         if word == lastword:
>                 lastwc = lastwc + n;
>         else:
>                 if lastwc > 0:
>                         print lastword, lastwc
>                 lastword = word;
>                 lastwc = n;
> 
> 
> if lastwc > 0:
>         print lastword, lastwc
> EOF
[hadoop@master ~]$ chmod ugo+rx reducer.py
[hadoop@master ~]$ hadoop fs -cp file:///home/hadoop/reducer.py hdfs:///mumbler
17/02/07 18:51:17 WARN util.NativeCodeLoader: Unable to load native-hadoop library for your platform... using builtin-java classes where applicable
[hadoop@master ~]$ hadoop jar $(ls $HADOOP_HOME/share/hadoop/tools/lib/hadoop-streaming-*.jar) \
> -Dmapreduce.job.reduces=6 \
> -Dmapreduce.output.fileoutputformat.compress=true \
> -Dmapreduce.map.output.compress=true \
> -files hdfs:///mumbler/mapper-filter.py,hdfs:///mumbler/reducer.py \
> -input hdfs:///mumbler/pass \
> -output hdfs:///mumbler/results \
> -mapper mapper-filter.py \
> -reducer reducer.py
17/02/07 18:51:48 WARN util.NativeCodeLoader: Unable to load native-hadoop library for your platform... using builtin-java classes where applicable
packageJobJar: [/tmp/hadoop-unjar3983029998640224061/] [] /tmp/streamjob3909117030600273006.jar tmpDir=null
17/02/07 18:51:48 INFO client.RMProxy: Connecting to ResourceManager at master/169.53.128.117:8032
17/02/07 18:51:49 INFO client.RMProxy: Connecting to ResourceManager at master/169.53.128.117:8032
17/02/07 18:51:50 INFO mapred.FileInputFormat: Total input paths to process : 10
17/02/07 18:51:50 INFO mapreduce.JobSubmitter: number of splits:130
17/02/07 18:51:50 INFO mapreduce.JobSubmitter: Submitting tokens for job: job_1486514293630_0002
17/02/07 18:51:50 INFO impl.YarnClientImpl: Submitted application application_1486514293630_0002
17/02/07 18:51:50 INFO mapreduce.Job: The url to track the job: http://master:8088/proxy/application_1486514293630_0002/
17/02/07 18:51:50 INFO mapreduce.Job: Running job: job_1486514293630_0002
17/02/07 18:51:56 INFO mapreduce.Job: Job job_1486514293630_0002 running in uber mode : false
17/02/07 18:51:56 INFO mapreduce.Job:  map 0% reduce 0%
17/02/07 18:52:13 INFO mapreduce.Job:  map 1% reduce 0%
17/02/07 18:52:19 INFO mapreduce.Job:  map 2% reduce 0%
17/02/07 18:52:29 INFO mapreduce.Job:  map 3% reduce 0%
17/02/07 18:52:34 INFO mapreduce.Job:  map 4% reduce 0%
17/02/07 18:52:49 INFO mapreduce.Job:  map 5% reduce 0%
17/02/07 18:53:04 INFO mapreduce.Job:  map 6% reduce 0%
17/02/07 18:53:17 INFO mapreduce.Job:  map 7% reduce 0%
17/02/07 18:53:36 INFO mapreduce.Job:  map 8% reduce 0%
17/02/07 18:53:47 INFO mapreduce.Job:  map 9% reduce 0%
17/02/07 18:53:53 INFO mapreduce.Job:  map 10% reduce 0%
17/02/07 18:54:06 INFO mapreduce.Job:  map 11% reduce 0%
17/02/07 18:54:21 INFO mapreduce.Job:  map 12% reduce 0%
17/02/07 18:54:30 INFO mapreduce.Job:  map 13% reduce 0%
17/02/07 18:54:43 INFO mapreduce.Job:  map 14% reduce 0%
17/02/07 18:55:00 INFO mapreduce.Job:  map 15% reduce 0%
17/02/07 18:55:10 INFO mapreduce.Job:  map 16% reduce 0%
17/02/07 18:55:20 INFO mapreduce.Job:  map 17% reduce 0%
17/02/07 18:55:34 INFO mapreduce.Job:  map 18% reduce 0%
17/02/07 18:55:47 INFO mapreduce.Job:  map 19% reduce 0%
17/02/07 18:55:58 INFO mapreduce.Job:  map 20% reduce 0%
17/02/07 18:56:11 INFO mapreduce.Job:  map 21% reduce 0%
17/02/07 18:56:29 INFO mapreduce.Job:  map 22% reduce 0%
17/02/07 18:56:35 INFO mapreduce.Job:  map 22% reduce 1%
17/02/07 18:56:41 INFO mapreduce.Job:  map 23% reduce 1%
17/02/07 18:56:57 INFO mapreduce.Job:  map 24% reduce 1%
17/02/07 18:57:14 INFO mapreduce.Job:  map 25% reduce 1%
17/02/07 18:57:25 INFO mapreduce.Job:  map 26% reduce 1%
17/02/07 18:57:43 INFO mapreduce.Job:  map 27% reduce 1%
17/02/07 18:57:51 INFO mapreduce.Job:  map 28% reduce 1%
17/02/07 18:58:00 INFO mapreduce.Job:  map 29% reduce 1%
17/02/07 18:58:13 INFO mapreduce.Job:  map 30% reduce 1%
17/02/07 18:58:27 INFO mapreduce.Job:  map 31% reduce 1%
17/02/07 18:58:30 INFO mapreduce.Job:  map 31% reduce 2%
17/02/07 18:58:42 INFO mapreduce.Job:  map 32% reduce 2%
17/02/07 18:58:55 INFO mapreduce.Job:  map 33% reduce 2%
17/02/07 18:59:11 INFO mapreduce.Job:  map 34% reduce 2%
17/02/07 18:59:28 INFO mapreduce.Job:  map 35% reduce 2%
17/02/07 18:59:33 INFO mapreduce.Job:  map 35% reduce 3%
17/02/07 18:59:42 INFO mapreduce.Job:  map 36% reduce 3%
17/02/07 18:59:53 INFO mapreduce.Job:  map 37% reduce 3%
17/02/07 19:00:05 INFO mapreduce.Job:  map 38% reduce 3%
17/02/07 19:00:06 INFO mapreduce.Job:  map 38% reduce 4%
17/02/07 19:00:22 INFO mapreduce.Job:  map 39% reduce 4%
17/02/07 19:00:40 INFO mapreduce.Job:  map 40% reduce 4%
17/02/07 19:00:54 INFO mapreduce.Job:  map 41% reduce 4%
17/02/07 19:01:08 INFO mapreduce.Job:  map 42% reduce 4%
17/02/07 19:01:28 INFO mapreduce.Job:  map 43% reduce 4%
17/02/07 19:01:41 INFO mapreduce.Job:  map 43% reduce 5%
17/02/07 19:01:44 INFO mapreduce.Job:  map 44% reduce 5%
17/02/07 19:01:57 INFO mapreduce.Job:  map 45% reduce 5%
17/02/07 19:02:08 INFO mapreduce.Job:  map 46% reduce 5%
17/02/07 19:02:21 INFO mapreduce.Job:  map 47% reduce 5%
17/02/07 19:02:39 INFO mapreduce.Job:  map 48% reduce 5%
17/02/07 19:02:54 INFO mapreduce.Job:  map 48% reduce 6%
17/02/07 19:02:57 INFO mapreduce.Job:  map 49% reduce 6%
17/02/07 19:03:13 INFO mapreduce.Job:  map 50% reduce 6%
17/02/07 19:03:31 INFO mapreduce.Job:  map 51% reduce 6%
17/02/07 19:03:47 INFO mapreduce.Job:  map 51% reduce 7%
17/02/07 19:03:51 INFO mapreduce.Job:  map 52% reduce 7%
17/02/07 19:04:10 INFO mapreduce.Job:  map 53% reduce 7%
17/02/07 19:04:29 INFO mapreduce.Job:  map 54% reduce 8%
17/02/07 19:04:44 INFO mapreduce.Job:  map 55% reduce 8%
17/02/07 19:04:56 INFO mapreduce.Job:  map 56% reduce 8%
17/02/07 19:05:02 INFO mapreduce.Job:  map 56% reduce 9%
17/02/07 19:05:09 INFO mapreduce.Job:  map 57% reduce 9%
17/02/07 19:05:29 INFO mapreduce.Job:  map 58% reduce 9%
17/02/07 19:05:46 INFO mapreduce.Job:  map 59% reduce 9%
17/02/07 19:05:50 INFO mapreduce.Job:  map 59% reduce 10%
17/02/07 19:06:01 INFO mapreduce.Job:  map 60% reduce 10%
17/02/07 19:06:15 INFO mapreduce.Job:  map 61% reduce 10%
17/02/07 19:06:32 INFO mapreduce.Job:  map 62% reduce 10%
17/02/07 19:06:51 INFO mapreduce.Job:  map 63% reduce 10%
17/02/07 19:07:09 INFO mapreduce.Job:  map 64% reduce 10%
17/02/07 19:07:15 INFO mapreduce.Job:  map 65% reduce 10%
17/02/07 19:07:24 INFO mapreduce.Job:  map 65% reduce 11%
17/02/07 19:07:30 INFO mapreduce.Job:  map 66% reduce 11%
17/02/07 19:07:46 INFO mapreduce.Job:  map 67% reduce 11%
17/02/07 19:08:04 INFO mapreduce.Job:  map 68% reduce 11%
17/02/07 19:08:19 INFO mapreduce.Job:  map 69% reduce 11%
17/02/07 19:08:35 INFO mapreduce.Job:  map 70% reduce 11%
17/02/07 19:08:50 INFO mapreduce.Job:  map 70% reduce 12%
17/02/07 19:08:52 INFO mapreduce.Job:  map 71% reduce 12%
17/02/07 19:09:06 INFO mapreduce.Job:  map 72% reduce 12%
17/02/07 19:09:26 INFO mapreduce.Job:  map 73% reduce 12%
17/02/07 19:09:43 INFO mapreduce.Job:  map 74% reduce 12%
17/02/07 19:09:51 INFO mapreduce.Job:  map 75% reduce 12%
17/02/07 19:10:04 INFO mapreduce.Job:  map 76% reduce 12%
17/02/07 19:10:20 INFO mapreduce.Job:  map 77% reduce 12%
17/02/07 19:10:26 INFO mapreduce.Job:  map 77% reduce 13%
17/02/07 19:10:39 INFO mapreduce.Job:  map 78% reduce 13%
17/02/07 19:10:52 INFO mapreduce.Job:  map 79% reduce 13%
17/02/07 19:11:08 INFO mapreduce.Job:  map 80% reduce 13%
17/02/07 19:11:30 INFO mapreduce.Job:  map 81% reduce 13%
17/02/07 19:11:39 INFO mapreduce.Job:  map 82% reduce 13%
17/02/07 19:11:56 INFO mapreduce.Job:  map 83% reduce 13%
17/02/07 19:12:00 INFO mapreduce.Job:  map 83% reduce 14%
17/02/07 19:12:08 INFO mapreduce.Job:  map 84% reduce 14%
17/02/07 19:12:19 INFO mapreduce.Job:  map 85% reduce 14%
17/02/07 19:12:38 INFO mapreduce.Job:  map 86% reduce 14%
17/02/07 19:12:54 INFO mapreduce.Job:  map 87% reduce 14%
17/02/07 19:13:09 INFO mapreduce.Job:  map 88% reduce 14%
17/02/07 19:13:28 INFO mapreduce.Job:  map 89% reduce 14%
17/02/07 19:13:32 INFO mapreduce.Job:  map 89% reduce 15%
17/02/07 19:13:46 INFO mapreduce.Job:  map 90% reduce 15%
17/02/07 19:14:04 INFO mapreduce.Job:  map 91% reduce 15%
17/02/07 19:14:19 INFO mapreduce.Job:  map 92% reduce 15%
17/02/07 19:14:32 INFO mapreduce.Job:  map 93% reduce 15%
17/02/07 19:14:39 INFO mapreduce.Job:  map 94% reduce 15%
17/02/07 19:14:48 INFO mapreduce.Job:  map 95% reduce 15%
17/02/07 19:14:49 INFO mapreduce.Job:  map 95% reduce 16%
17/02/07 19:14:57 INFO mapreduce.Job:  map 96% reduce 16%
17/02/07 19:15:04 INFO mapreduce.Job:  map 97% reduce 16%
17/02/07 19:15:12 INFO mapreduce.Job:  map 98% reduce 16%
17/02/07 19:15:15 INFO mapreduce.Job:  map 99% reduce 16%
17/02/07 19:15:23 INFO mapreduce.Job:  map 99% reduce 17%
17/02/07 19:15:24 INFO mapreduce.Job:  map 100% reduce 17%
17/02/07 19:15:31 INFO mapreduce.Job:  map 100% reduce 18%
17/02/07 19:15:34 INFO mapreduce.Job:  map 100% reduce 19%
17/02/07 19:15:37 INFO mapreduce.Job:  map 100% reduce 20%
17/02/07 19:15:46 INFO mapreduce.Job:  map 100% reduce 21%
17/02/07 19:15:50 INFO mapreduce.Job:  map 100% reduce 22%
17/02/07 19:15:57 INFO mapreduce.Job:  map 100% reduce 23%
17/02/07 19:16:01 INFO mapreduce.Job:  map 100% reduce 24%
17/02/07 19:16:08 INFO mapreduce.Job:  map 100% reduce 25%
17/02/07 19:16:13 INFO mapreduce.Job:  map 100% reduce 26%
17/02/07 19:16:17 INFO mapreduce.Job:  map 100% reduce 27%
17/02/07 19:16:22 INFO mapreduce.Job:  map 100% reduce 28%
17/02/07 19:16:27 INFO mapreduce.Job:  map 100% reduce 29%
17/02/07 19:16:32 INFO mapreduce.Job:  map 100% reduce 30%
17/02/07 19:16:38 INFO mapreduce.Job:  map 100% reduce 31%
17/02/07 19:16:41 INFO mapreduce.Job:  map 100% reduce 32%
17/02/07 19:16:50 INFO mapreduce.Job:  map 100% reduce 33%
17/02/07 19:16:52 INFO mapreduce.Job:  map 100% reduce 34%
17/02/07 19:17:02 INFO mapreduce.Job:  map 100% reduce 35%
17/02/07 19:17:05 INFO mapreduce.Job:  map 100% reduce 36%
17/02/07 19:17:08 INFO mapreduce.Job:  map 100% reduce 37%
17/02/07 19:17:14 INFO mapreduce.Job:  map 100% reduce 38%
17/02/07 19:17:18 INFO mapreduce.Job:  map 100% reduce 39%
17/02/07 19:17:25 INFO mapreduce.Job:  map 100% reduce 40%
17/02/07 19:17:28 INFO mapreduce.Job:  map 100% reduce 41%
17/02/07 19:17:35 INFO mapreduce.Job:  map 100% reduce 42%
17/02/07 19:17:40 INFO mapreduce.Job:  map 100% reduce 43%
17/02/07 19:17:45 INFO mapreduce.Job:  map 100% reduce 44%
17/02/07 19:17:52 INFO mapreduce.Job:  map 100% reduce 45%
17/02/07 19:17:54 INFO mapreduce.Job:  map 100% reduce 46%
17/02/07 19:18:00 INFO mapreduce.Job:  map 100% reduce 47%
17/02/07 19:18:07 INFO mapreduce.Job:  map 100% reduce 48%
17/02/07 19:18:14 INFO mapreduce.Job:  map 100% reduce 49%
17/02/07 19:18:18 INFO mapreduce.Job:  map 100% reduce 50%
17/02/07 19:18:25 INFO mapreduce.Job:  map 100% reduce 51%
17/02/07 19:18:30 INFO mapreduce.Job:  map 100% reduce 52%
17/02/07 19:18:37 INFO mapreduce.Job:  map 100% reduce 53%
17/02/07 19:18:43 INFO mapreduce.Job:  map 100% reduce 54%
17/02/07 19:18:48 INFO mapreduce.Job:  map 100% reduce 55%
17/02/07 19:18:54 INFO mapreduce.Job:  map 100% reduce 56%
17/02/07 19:19:02 INFO mapreduce.Job:  map 100% reduce 57%
17/02/07 19:19:07 INFO mapreduce.Job:  map 100% reduce 58%
17/02/07 19:19:12 INFO mapreduce.Job:  map 100% reduce 59%
17/02/07 19:19:16 INFO mapreduce.Job:  map 100% reduce 60%
17/02/07 19:19:21 INFO mapreduce.Job:  map 100% reduce 61%
17/02/07 19:19:27 INFO mapreduce.Job:  map 100% reduce 62%
17/02/07 19:19:32 INFO mapreduce.Job:  map 100% reduce 63%
17/02/07 19:19:37 INFO mapreduce.Job:  map 100% reduce 64%
17/02/07 19:19:42 INFO mapreduce.Job:  map 100% reduce 65%
17/02/07 19:19:47 INFO mapreduce.Job:  map 100% reduce 66%
17/02/07 19:19:52 INFO mapreduce.Job:  map 100% reduce 67%
17/02/07 19:19:58 INFO mapreduce.Job:  map 100% reduce 68%
17/02/07 19:20:03 INFO mapreduce.Job:  map 100% reduce 69%
17/02/07 19:20:07 INFO mapreduce.Job:  map 100% reduce 70%
17/02/07 19:20:12 INFO mapreduce.Job:  map 100% reduce 71%
17/02/07 19:20:16 INFO mapreduce.Job:  map 100% reduce 72%
17/02/07 19:20:22 INFO mapreduce.Job:  map 100% reduce 73%
17/02/07 19:20:26 INFO mapreduce.Job:  map 100% reduce 74%
17/02/07 19:20:32 INFO mapreduce.Job:  map 100% reduce 75%
17/02/07 19:20:36 INFO mapreduce.Job:  map 100% reduce 76%
17/02/07 19:20:40 INFO mapreduce.Job:  map 100% reduce 77%
17/02/07 19:20:45 INFO mapreduce.Job:  map 100% reduce 78%
17/02/07 19:20:51 INFO mapreduce.Job:  map 100% reduce 79%
17/02/07 19:20:56 INFO mapreduce.Job:  map 100% reduce 80%
17/02/07 19:21:02 INFO mapreduce.Job:  map 100% reduce 81%
17/02/07 19:21:08 INFO mapreduce.Job:  map 100% reduce 82%
17/02/07 19:21:18 INFO mapreduce.Job:  map 100% reduce 83%
17/02/07 19:21:26 INFO mapreduce.Job:  map 100% reduce 84%
17/02/07 19:21:38 INFO mapreduce.Job:  map 100% reduce 85%
17/02/07 19:21:59 INFO mapreduce.Job:  map 100% reduce 86%
17/02/07 19:22:11 INFO mapreduce.Job:  map 100% reduce 87%
17/02/07 19:22:21 INFO mapreduce.Job:  map 100% reduce 88%
17/02/07 19:22:33 INFO mapreduce.Job:  map 100% reduce 89%
17/02/07 19:22:43 INFO mapreduce.Job:  map 100% reduce 90%
17/02/07 19:22:54 INFO mapreduce.Job:  map 100% reduce 91%
17/02/07 19:23:03 INFO mapreduce.Job:  map 100% reduce 92%
17/02/07 19:23:15 INFO mapreduce.Job:  map 100% reduce 93%
17/02/07 19:23:24 INFO mapreduce.Job:  map 100% reduce 94%
17/02/07 19:23:35 INFO mapreduce.Job:  map 100% reduce 95%
17/02/07 19:23:44 INFO mapreduce.Job:  map 100% reduce 96%
17/02/07 19:23:54 INFO mapreduce.Job:  map 100% reduce 97%
17/02/07 19:24:06 INFO mapreduce.Job:  map 100% reduce 98%
17/02/07 19:24:19 INFO mapreduce.Job:  map 100% reduce 99%
17/02/07 19:24:31 INFO mapreduce.Job:  map 100% reduce 100%


17/02/07 19:27:08 INFO mapreduce.Job: Job job_1486514293630_0002 completed successfully
17/02/07 19:27:08 INFO mapreduce.Job: Counters: 49
	File System Counters
		FILE: Number of bytes read=1977698237
		FILE: Number of bytes written=2815228939
		FILE: Number of read operations=0
		FILE: Number of large read operations=0
		FILE: Number of write operations=0
		HDFS: Number of bytes read=16751336117
		HDFS: Number of bytes written=62013542
		HDFS: Number of read operations=408
		HDFS: Number of large read operations=0
		HDFS: Number of write operations=12
	Job Counters 
		Launched map tasks=130
		Launched reduce tasks=6
		Data-local map tasks=130
		Total time spent by all maps in occupied slots (ms)=20787064
		Total time spent by all reduces in occupied slots (ms)=19073214
		Total time spent by all map tasks (ms)=10393532
		Total time spent by all reduce tasks (ms)=6357738
		Total vcore-seconds taken by all map tasks=10393532
		Total vcore-seconds taken by all reduce tasks=6357738
		Total megabyte-seconds taken by all map tasks=19955581440
		Total megabyte-seconds taken by all reduce tasks=19530971136
	Map-Reduce Framework
		Map input records=662397211
		Map output records=505310111
		Map output bytes=9020837102
		Map output materialized bytes=823628808
		Input split bytes=11570
		Combine input records=0
		Combine output records=0
		Reduce input groups=8721891
		Reduce shuffle bytes=823628808
		Reduce input records=505310111
		Reduce output records=8721891
		Spilled Records=1720354934
		Shuffled Maps =780
		Failed Shuffles=0
		Merged Map outputs=780
		GC time elapsed (ms)=49170
		CPU time spent (ms)=10416120
		Physical memory (bytes) snapshot=37146677248
		Virtual memory (bytes) snapshot=288804601856
		Total committed heap usage (bytes)=27072659456
	Shuffle Errors
		BAD_ID=0
		CONNECTION=0
		IO_ERROR=0
		WRONG_LENGTH=0
		WRONG_MAP=0
		WRONG_REDUCE=0
	File Input Format Counters 
		Bytes Read=16751324547
	File Output Format Counters 
		Bytes Written=62013542
17/02/07 19:27:08 INFO streaming.StreamJob: Output directory: hdfs:///mumbler/results
[hadoop@master ~]$ 
[hadoop@master ~]$ 
[hadoop@master ~]$ hadoop fs -text hdfs:///mumbler/results/part-00000.deflate
17/02/07 19:27:23 WARN util.NativeCodeLoader: Unable to load native-hadoop library for your platform... using builtin-java classes where applicable
17/02/07 19:27:24 INFO compress.CodecPool: Got brand-new decompressor [.deflate]
A ABILITY 48	
A ACR 108	
A ALPHABETICAL 73	
A ATTITUDE 54	
A AVE 67	
A Academy 184	
A Accession 70	
A Accumulated 86	
A Acronyms 204	
A Affinity 192	
A Aggressive 87	
A Alert 167	
A Arbitrary 92	
A Arkansas 327	
A Aromatic 101	
A Ashworth 208	
A Asia 284	
A Aspinall 69	
A Attitude 213	
A BAA 132	
A BACHELOR 1768	
A BACKDROP 197	

